   1               		.file	"blink.c"
   2               	__SREG__ = 0x3f
   3               	__SP_H__ = 0x3e
   4               	__SP_L__ = 0x3d
   5               	__tmp_reg__ = 0
   6               	__zero_reg__ = 1
   7               		.global __do_copy_data
   8               		.global __do_clear_bss
   9               		.text
  10               	.Ltext0:
  11               		.section	.text.startup,"ax",@progbits
  12               	.global	main
  14               	main:
  15               	.LFB4:
  16               		.file 1 "blink.c"
   1:blink.c       **** /* Test program for headers and functions
   2:blink.c       ****  */
   3:blink.c       **** 
   4:blink.c       **** #include <avr/io.h>
   5:blink.c       **** #include <util/delay.h>
   6:blink.c       **** 
   7:blink.c       **** #include "./ledLoops.h"
   8:blink.c       **** 
   9:blink.c       **** int main (void)
  10:blink.c       **** {
  17               		.loc 1 10 0
  18               	/* prologue: function */
  19               	/* frame size = 0 */
  20               	/* stack size = 0 */
  21               	.L__stack_usage = 0
  11:blink.c       ****    
  12:blink.c       ****     //loopLeft(2000);
  13:blink.c       **** 
  14:blink.c       ****     //loopRight(2000);
  15:blink.c       **** 
  16:blink.c       ****     //loopLeftRight(2000);
  17:blink.c       **** 
  18:blink.c       ****     loopX (2000);
  22               		.loc 1 18 0
  23 0000 80ED      		ldi r24,lo8(2000)
  24 0002 97E0      		ldi r25,hi8(2000)
  25 0004 0E94 0000 		call loopX
  19:blink.c       **** 
  20:blink.c       ****     return 1;
  21:blink.c       **** }
  26               		.loc 1 21 0
  27 0008 81E0      		ldi r24,lo8(1)
  28 000a 90E0      		ldi r25,hi8(1)
  29               	/* epilogue start */
  30 000c 0895      		ret
  31               	.LFE4:
  59               	.Letext0:
DEFINED SYMBOLS
                            *ABS*:0000000000000000 blink.c
     /tmp/ccW8l2g8.s:2      *ABS*:000000000000003f __SREG__
     /tmp/ccW8l2g8.s:3      *ABS*:000000000000003e __SP_H__
     /tmp/ccW8l2g8.s:4      *ABS*:000000000000003d __SP_L__
     /tmp/ccW8l2g8.s:5      *ABS*:0000000000000000 __tmp_reg__
     /tmp/ccW8l2g8.s:6      *ABS*:0000000000000001 __zero_reg__
     /tmp/ccW8l2g8.s:14     .text.startup:0000000000000000 main

UNDEFINED SYMBOLS
__do_copy_data
__do_clear_bss
loopX
