Archive member included because of file (symbol)

/usr/lib/gcc/avr/4.6.1/../../../../avr/lib/avr5/libm.a(cmpsf2.o)
                              ledLoops.o (__ltsf2)
/usr/lib/gcc/avr/4.6.1/../../../../avr/lib/avr5/libm.a(fixunssfsi.o)
                              ledLoops.o (__fixunssfsi)
/usr/lib/gcc/avr/4.6.1/../../../../avr/lib/avr5/libm.a(floatsisf.o)
                              ledLoops.o (__floatsisf)
/usr/lib/gcc/avr/4.6.1/../../../../avr/lib/avr5/libm.a(fp_cmp.o)
                              /usr/lib/gcc/avr/4.6.1/../../../../avr/lib/avr5/libm.a(cmpsf2.o) (__fp_cmp)
/usr/lib/gcc/avr/4.6.1/../../../../avr/lib/avr5/libm.a(fp_split3.o)
                              /usr/lib/gcc/avr/4.6.1/../../../../avr/lib/avr5/libm.a(fixunssfsi.o) (__fp_splitA)
/usr/lib/gcc/avr/4.6.1/../../../../avr/lib/avr5/libm.a(fp_zero.o)
                              /usr/lib/gcc/avr/4.6.1/../../../../avr/lib/avr5/libm.a(fixunssfsi.o) (__fp_zero)
/usr/lib/gcc/avr/4.6.1/../../../../avr/lib/avr5/libm.a(gesf2.o)
                              ledLoops.o (__gtsf2)
/usr/lib/gcc/avr/4.6.1/../../../../avr/lib/avr5/libm.a(mulsf3.o)
                              ledLoops.o (__mulsf3)
/usr/lib/gcc/avr/4.6.1/../../../../avr/lib/avr5/libm.a(mulsf3x.o)
                              /usr/lib/gcc/avr/4.6.1/../../../../avr/lib/avr5/libm.a(mulsf3.o) (__mulsf3x)
/usr/lib/gcc/avr/4.6.1/../../../../avr/lib/avr5/libm.a(fp_inf.o)
                              /usr/lib/gcc/avr/4.6.1/../../../../avr/lib/avr5/libm.a(mulsf3x.o) (__fp_inf)
/usr/lib/gcc/avr/4.6.1/../../../../avr/lib/avr5/libm.a(fp_nan.o)
                              /usr/lib/gcc/avr/4.6.1/../../../../avr/lib/avr5/libm.a(mulsf3x.o) (__fp_nan)
/usr/lib/gcc/avr/4.6.1/../../../../avr/lib/avr5/libm.a(fp_pscA.o)
                              /usr/lib/gcc/avr/4.6.1/../../../../avr/lib/avr5/libm.a(mulsf3x.o) (__fp_pscA)
/usr/lib/gcc/avr/4.6.1/../../../../avr/lib/avr5/libm.a(fp_pscB.o)
                              /usr/lib/gcc/avr/4.6.1/../../../../avr/lib/avr5/libm.a(mulsf3x.o) (__fp_pscB)
/usr/lib/gcc/avr/4.6.1/../../../../avr/lib/avr5/libm.a(fp_round.o)
                              /usr/lib/gcc/avr/4.6.1/../../../../avr/lib/avr5/libm.a(mulsf3.o) (__fp_round)
/usr/lib/gcc/avr/4.6.1/avr5/libgcc.a(_exit.o)
                              /usr/lib/gcc/avr/4.6.1/../../../../avr/lib/avr5/crtm169.o (exit)
/usr/lib/gcc/avr/4.6.1/avr5/libgcc.a(_copy_data.o)
                              blink.o (__do_copy_data)
/usr/lib/gcc/avr/4.6.1/avr5/libgcc.a(_clear_bss.o)
                              blink.o (__do_clear_bss)

Memory Configuration

Name             Origin             Length             Attributes
text             0x0000000000000000 0x0000000000020000 xr
data             0x0000000000800060 0x000000000000ffa0 rw !x
eeprom           0x0000000000810000 0x0000000000010000 rw !x
*default*        0x0000000000000000 0xffffffffffffffff

Linker script and memory map

Address of section .data set to 0x800100
LOAD /usr/lib/gcc/avr/4.6.1/../../../../avr/lib/avr5/crtm169.o
LOAD blink.o
LOAD ledLoops.o
LOAD /usr/lib/gcc/avr/4.6.1/../../../../avr/lib/avr5/libm.a
LOAD /usr/lib/gcc/avr/4.6.1/avr5/libgcc.a
LOAD /usr/lib/gcc/avr/4.6.1/../../../../avr/lib/avr5/libc.a
LOAD /usr/lib/gcc/avr/4.6.1/avr5/libgcc.a

.hash
 *(.hash)

.dynsym
 *(.dynsym)

.dynstr
 *(.dynstr)

.gnu.version
 *(.gnu.version)

.gnu.version_d
 *(.gnu.version_d)

.gnu.version_r
 *(.gnu.version_r)

.rel.init
 *(.rel.init)

.rela.init
 *(.rela.init)

.rel.text
 *(.rel.text)
 *(.rel.text.*)
 *(.rel.gnu.linkonce.t*)

.rela.text
 *(.rela.text)
 *(.rela.text.*)
 *(.rela.gnu.linkonce.t*)

.rel.fini
 *(.rel.fini)

.rela.fini
 *(.rela.fini)

.rel.rodata
 *(.rel.rodata)
 *(.rel.rodata.*)
 *(.rel.gnu.linkonce.r*)

.rela.rodata
 *(.rela.rodata)
 *(.rela.rodata.*)
 *(.rela.gnu.linkonce.r*)

.rel.data
 *(.rel.data)
 *(.rel.data.*)
 *(.rel.gnu.linkonce.d*)

.rela.data
 *(.rela.data)
 *(.rela.data.*)
 *(.rela.gnu.linkonce.d*)

.rel.ctors
 *(.rel.ctors)

.rela.ctors
 *(.rela.ctors)

.rel.dtors
 *(.rel.dtors)

.rela.dtors
 *(.rela.dtors)

.rel.got
 *(.rel.got)

.rela.got
 *(.rela.got)

.rel.bss
 *(.rel.bss)

.rela.bss
 *(.rela.bss)

.rel.plt
 *(.rel.plt)

.rela.plt
 *(.rela.plt)

.text           0x0000000000000000      0x7cc
 *(.vectors)
 .vectors       0x0000000000000000       0x5c /usr/lib/gcc/avr/4.6.1/../../../../avr/lib/avr5/crtm169.o
                0x0000000000000000                __vectors
                0x0000000000000000                __vector_default
 *(.vectors)
 *(.progmem.gcc*)
 *(.progmem*)
                0x000000000000005c                . = ALIGN (0x2)
                0x000000000000005c                __trampolines_start = .
 *(.trampolines)
 .trampolines   0x000000000000005c        0x0 linker stubs
 *(.trampolines*)
                0x000000000000005c                __trampolines_end = .
 *(.jumptables)
 *(.jumptables*)
 *(.lowtext)
 *(.lowtext*)
                0x000000000000005c                __ctors_start = .
 *(.ctors)
                0x000000000000005c                __ctors_end = .
                0x000000000000005c                __dtors_start = .
 *(.dtors)
                0x000000000000005c                __dtors_end = .
 SORT(*)(.ctors)
 SORT(*)(.dtors)
 *(.init0)
 .init0         0x000000000000005c        0x0 /usr/lib/gcc/avr/4.6.1/../../../../avr/lib/avr5/crtm169.o
                0x000000000000005c                __init
 *(.init0)
 *(.init1)
 *(.init1)
 *(.init2)
 .init2         0x000000000000005c        0xc /usr/lib/gcc/avr/4.6.1/../../../../avr/lib/avr5/crtm169.o
 *(.init2)
 *(.init3)
 *(.init3)
 *(.init4)
 .init4         0x0000000000000068       0x16 /usr/lib/gcc/avr/4.6.1/avr5/libgcc.a(_copy_data.o)
                0x0000000000000068                __do_copy_data
 .init4         0x000000000000007e       0x10 /usr/lib/gcc/avr/4.6.1/avr5/libgcc.a(_clear_bss.o)
                0x000000000000007e                __do_clear_bss
 *(.init4)
 *(.init5)
 *(.init5)
 *(.init6)
 *(.init6)
 *(.init7)
 *(.init7)
 *(.init8)
 *(.init8)
 *(.init9)
 .init9         0x000000000000008e        0x8 /usr/lib/gcc/avr/4.6.1/../../../../avr/lib/avr5/crtm169.o
 *(.init9)
 *(.text)
 .text          0x0000000000000096        0x4 /usr/lib/gcc/avr/4.6.1/../../../../avr/lib/avr5/crtm169.o
                0x0000000000000096                __vector_22
                0x0000000000000096                __vector_1
                0x0000000000000096                __vector_12
                0x0000000000000096                __bad_interrupt
                0x0000000000000096                __vector_6
                0x0000000000000096                __vector_3
                0x0000000000000096                __vector_11
                0x0000000000000096                __vector_13
                0x0000000000000096                __vector_17
                0x0000000000000096                __vector_19
                0x0000000000000096                __vector_7
                0x0000000000000096                __vector_5
                0x0000000000000096                __vector_4
                0x0000000000000096                __vector_9
                0x0000000000000096                __vector_2
                0x0000000000000096                __vector_21
                0x0000000000000096                __vector_15
                0x0000000000000096                __vector_8
                0x0000000000000096                __vector_14
                0x0000000000000096                __vector_10
                0x0000000000000096                __vector_16
                0x0000000000000096                __vector_18
                0x0000000000000096                __vector_20
 .text          0x000000000000009a        0x0 blink.o
 .text          0x000000000000009a      0x48e ledLoops.o
                0x000000000000009a                loopLeft
                0x0000000000000176                loopRight
                0x0000000000000252                loopLeftRight
                0x0000000000000428                loopX
 .text          0x0000000000000528        0x0 /usr/lib/gcc/avr/4.6.1/../../../../avr/lib/avr5/libm.a(cmpsf2.o)
 .text          0x0000000000000528        0x0 /usr/lib/gcc/avr/4.6.1/../../../../avr/lib/avr5/libm.a(fixunssfsi.o)
 .text          0x0000000000000528        0x0 /usr/lib/gcc/avr/4.6.1/../../../../avr/lib/avr5/libm.a(floatsisf.o)
 .text          0x0000000000000528        0x0 /usr/lib/gcc/avr/4.6.1/../../../../avr/lib/avr5/libm.a(fp_cmp.o)
 .text          0x0000000000000528        0x0 /usr/lib/gcc/avr/4.6.1/../../../../avr/lib/avr5/libm.a(fp_split3.o)
 .text          0x0000000000000528        0x0 /usr/lib/gcc/avr/4.6.1/../../../../avr/lib/avr5/libm.a(fp_zero.o)
 .text          0x0000000000000528        0x0 /usr/lib/gcc/avr/4.6.1/../../../../avr/lib/avr5/libm.a(gesf2.o)
 .text          0x0000000000000528        0x0 /usr/lib/gcc/avr/4.6.1/../../../../avr/lib/avr5/libm.a(mulsf3.o)
 .text          0x0000000000000528        0x0 /usr/lib/gcc/avr/4.6.1/../../../../avr/lib/avr5/libm.a(mulsf3x.o)
 .text          0x0000000000000528        0x0 /usr/lib/gcc/avr/4.6.1/../../../../avr/lib/avr5/libm.a(fp_inf.o)
 .text          0x0000000000000528        0x0 /usr/lib/gcc/avr/4.6.1/../../../../avr/lib/avr5/libm.a(fp_nan.o)
 .text          0x0000000000000528        0x0 /usr/lib/gcc/avr/4.6.1/../../../../avr/lib/avr5/libm.a(fp_pscA.o)
 .text          0x0000000000000528        0x0 /usr/lib/gcc/avr/4.6.1/../../../../avr/lib/avr5/libm.a(fp_pscB.o)
 .text          0x0000000000000528        0x0 /usr/lib/gcc/avr/4.6.1/../../../../avr/lib/avr5/libm.a(fp_round.o)
 .text          0x0000000000000528        0x0 /usr/lib/gcc/avr/4.6.1/avr5/libgcc.a(_exit.o)
 .text          0x0000000000000528        0x0 /usr/lib/gcc/avr/4.6.1/avr5/libgcc.a(_copy_data.o)
 .text          0x0000000000000528        0x0 /usr/lib/gcc/avr/4.6.1/avr5/libgcc.a(_clear_bss.o)
                0x0000000000000528                . = ALIGN (0x2)
 *(.text.*)
 .text.startup  0x0000000000000528        0xe blink.o
                0x0000000000000528                main
 .text.avr-libc.fplib
                0x0000000000000536        0x8 /usr/lib/gcc/avr/4.6.1/../../../../avr/lib/avr5/libm.a(cmpsf2.o)
                0x0000000000000536                __lesf2
                0x0000000000000536                __nesf2
                0x0000000000000536                __eqsf2
                0x0000000000000536                __cmpsf2
                0x0000000000000536                __ltsf2
 .text.avr-libc.fplib
                0x000000000000053e       0x58 /usr/lib/gcc/avr/4.6.1/../../../../avr/lib/avr5/libm.a(fixunssfsi.o)
                0x000000000000053e                __fixunssfsi
 .text.avr-libc.fplib
                0x0000000000000596       0x7a /usr/lib/gcc/avr/4.6.1/../../../../avr/lib/avr5/libm.a(floatsisf.o)
                0x0000000000000596                __floatunsisf
                0x000000000000059a                __floatsisf
 .text.avr-libc.fplib
                0x0000000000000610       0x48 /usr/lib/gcc/avr/4.6.1/../../../../avr/lib/avr5/libm.a(fp_cmp.o)
                0x0000000000000610                __fp_cmp
 .text.avr-libc.fplib
                0x0000000000000658       0x44 /usr/lib/gcc/avr/4.6.1/../../../../avr/lib/avr5/libm.a(fp_split3.o)
                0x0000000000000658                __fp_split3
                0x0000000000000668                __fp_splitA
 .text.avr-libc.fplib
                0x000000000000069c        0xe /usr/lib/gcc/avr/4.6.1/../../../../avr/lib/avr5/libm.a(fp_zero.o)
                0x000000000000069c                __fp_zero
                0x000000000000069e                __fp_szero
 .text.avr-libc.fplib
                0x00000000000006aa        0x8 /usr/lib/gcc/avr/4.6.1/../../../../avr/lib/avr5/libm.a(gesf2.o)
                0x00000000000006aa                __gtsf2
                0x00000000000006aa                __gesf2
 .text.avr-libc.fplib
                0x00000000000006b2        0x4 /usr/lib/gcc/avr/4.6.1/../../../../avr/lib/avr5/libm.a(mulsf3.o)
                0x00000000000006b2                __mulsf3
 .text.avr-libc.fplib
                0x00000000000006b6       0xc2 /usr/lib/gcc/avr/4.6.1/../../../../avr/lib/avr5/libm.a(mulsf3x.o)
                0x00000000000006ca                __mulsf3x
                0x00000000000006ce                __mulsf3_pse
 .text.avr-libc.fplib
                0x0000000000000778        0xc /usr/lib/gcc/avr/4.6.1/../../../../avr/lib/avr5/libm.a(fp_inf.o)
                0x0000000000000778                __fp_inf
 .text.avr-libc.fplib
                0x0000000000000784        0x6 /usr/lib/gcc/avr/4.6.1/../../../../avr/lib/avr5/libm.a(fp_nan.o)
                0x0000000000000784                __fp_nan
 .text.avr-libc.fplib
                0x000000000000078a        0xe /usr/lib/gcc/avr/4.6.1/../../../../avr/lib/avr5/libm.a(fp_pscA.o)
                0x000000000000078a                __fp_pscA
 .text.avr-libc.fplib
                0x0000000000000798        0xe /usr/lib/gcc/avr/4.6.1/../../../../avr/lib/avr5/libm.a(fp_pscB.o)
                0x0000000000000798                __fp_pscB
 .text.avr-libc.fplib
                0x00000000000007a6       0x22 /usr/lib/gcc/avr/4.6.1/../../../../avr/lib/avr5/libm.a(fp_round.o)
                0x00000000000007a6                __fp_round
 .text.libgcc   0x00000000000007c8        0x0 /usr/lib/gcc/avr/4.6.1/avr5/libgcc.a(_exit.o)
 .text.libgcc   0x00000000000007c8        0x0 /usr/lib/gcc/avr/4.6.1/avr5/libgcc.a(_copy_data.o)
 .text.libgcc   0x00000000000007c8        0x0 /usr/lib/gcc/avr/4.6.1/avr5/libgcc.a(_clear_bss.o)
                0x00000000000007c8                . = ALIGN (0x2)
 *(.fini9)
 .fini9         0x00000000000007c8        0x0 /usr/lib/gcc/avr/4.6.1/avr5/libgcc.a(_exit.o)
                0x00000000000007c8                exit
                0x00000000000007c8                _exit
 *(.fini9)
 *(.fini8)
 *(.fini8)
 *(.fini7)
 *(.fini7)
 *(.fini6)
 *(.fini6)
 *(.fini5)
 *(.fini5)
 *(.fini4)
 *(.fini4)
 *(.fini3)
 *(.fini3)
 *(.fini2)
 *(.fini2)
 *(.fini1)
 *(.fini1)
 *(.fini0)
 .fini0         0x00000000000007c8        0x4 /usr/lib/gcc/avr/4.6.1/avr5/libgcc.a(_exit.o)
 *(.fini0)
                0x00000000000007cc                _etext = .

.data           0x0000000000800100        0x0 load address 0x00000000000007cc
                0x0000000000800100                PROVIDE (__data_start, .)
 *(.data)
 .data          0x0000000000800100        0x0 /usr/lib/gcc/avr/4.6.1/../../../../avr/lib/avr5/crtm169.o
 .data          0x0000000000800100        0x0 blink.o
 .data          0x0000000000800100        0x0 ledLoops.o
 .data          0x0000000000800100        0x0 /usr/lib/gcc/avr/4.6.1/../../../../avr/lib/avr5/libm.a(cmpsf2.o)
 .data          0x0000000000800100        0x0 /usr/lib/gcc/avr/4.6.1/../../../../avr/lib/avr5/libm.a(fixunssfsi.o)
 .data          0x0000000000800100        0x0 /usr/lib/gcc/avr/4.6.1/../../../../avr/lib/avr5/libm.a(floatsisf.o)
 .data          0x0000000000800100        0x0 /usr/lib/gcc/avr/4.6.1/../../../../avr/lib/avr5/libm.a(fp_cmp.o)
 .data          0x0000000000800100        0x0 /usr/lib/gcc/avr/4.6.1/../../../../avr/lib/avr5/libm.a(fp_split3.o)
 .data          0x0000000000800100        0x0 /usr/lib/gcc/avr/4.6.1/../../../../avr/lib/avr5/libm.a(fp_zero.o)
 .data          0x0000000000800100        0x0 /usr/lib/gcc/avr/4.6.1/../../../../avr/lib/avr5/libm.a(gesf2.o)
 .data          0x0000000000800100        0x0 /usr/lib/gcc/avr/4.6.1/../../../../avr/lib/avr5/libm.a(mulsf3.o)
 .data          0x0000000000800100        0x0 /usr/lib/gcc/avr/4.6.1/../../../../avr/lib/avr5/libm.a(mulsf3x.o)
 .data          0x0000000000800100        0x0 /usr/lib/gcc/avr/4.6.1/../../../../avr/lib/avr5/libm.a(fp_inf.o)
 .data          0x0000000000800100        0x0 /usr/lib/gcc/avr/4.6.1/../../../../avr/lib/avr5/libm.a(fp_nan.o)
 .data          0x0000000000800100        0x0 /usr/lib/gcc/avr/4.6.1/../../../../avr/lib/avr5/libm.a(fp_pscA.o)
 .data          0x0000000000800100        0x0 /usr/lib/gcc/avr/4.6.1/../../../../avr/lib/avr5/libm.a(fp_pscB.o)
 .data          0x0000000000800100        0x0 /usr/lib/gcc/avr/4.6.1/../../../../avr/lib/avr5/libm.a(fp_round.o)
 .data          0x0000000000800100        0x0 /usr/lib/gcc/avr/4.6.1/avr5/libgcc.a(_exit.o)
 .data          0x0000000000800100        0x0 /usr/lib/gcc/avr/4.6.1/avr5/libgcc.a(_copy_data.o)
 .data          0x0000000000800100        0x0 /usr/lib/gcc/avr/4.6.1/avr5/libgcc.a(_clear_bss.o)
 *(.data*)
 *(.rodata)
 *(.rodata*)
 *(.gnu.linkonce.d*)
                0x0000000000800100                . = ALIGN (0x2)
                0x0000000000800100                _edata = .
                0x0000000000800100                PROVIDE (__data_end, .)

.bss            0x0000000000800100        0x0
                0x0000000000800100                PROVIDE (__bss_start, .)
 *(.bss)
 .bss           0x0000000000800100        0x0 /usr/lib/gcc/avr/4.6.1/../../../../avr/lib/avr5/crtm169.o
 .bss           0x0000000000800100        0x0 blink.o
 .bss           0x0000000000800100        0x0 ledLoops.o
 .bss           0x0000000000800100        0x0 /usr/lib/gcc/avr/4.6.1/../../../../avr/lib/avr5/libm.a(cmpsf2.o)
 .bss           0x0000000000800100        0x0 /usr/lib/gcc/avr/4.6.1/../../../../avr/lib/avr5/libm.a(fixunssfsi.o)
 .bss           0x0000000000800100        0x0 /usr/lib/gcc/avr/4.6.1/../../../../avr/lib/avr5/libm.a(floatsisf.o)
 .bss           0x0000000000800100        0x0 /usr/lib/gcc/avr/4.6.1/../../../../avr/lib/avr5/libm.a(fp_cmp.o)
 .bss           0x0000000000800100        0x0 /usr/lib/gcc/avr/4.6.1/../../../../avr/lib/avr5/libm.a(fp_split3.o)
 .bss           0x0000000000800100        0x0 /usr/lib/gcc/avr/4.6.1/../../../../avr/lib/avr5/libm.a(fp_zero.o)
 .bss           0x0000000000800100        0x0 /usr/lib/gcc/avr/4.6.1/../../../../avr/lib/avr5/libm.a(gesf2.o)
 .bss           0x0000000000800100        0x0 /usr/lib/gcc/avr/4.6.1/../../../../avr/lib/avr5/libm.a(mulsf3.o)
 .bss           0x0000000000800100        0x0 /usr/lib/gcc/avr/4.6.1/../../../../avr/lib/avr5/libm.a(mulsf3x.o)
 .bss           0x0000000000800100        0x0 /usr/lib/gcc/avr/4.6.1/../../../../avr/lib/avr5/libm.a(fp_inf.o)
 .bss           0x0000000000800100        0x0 /usr/lib/gcc/avr/4.6.1/../../../../avr/lib/avr5/libm.a(fp_nan.o)
 .bss           0x0000000000800100        0x0 /usr/lib/gcc/avr/4.6.1/../../../../avr/lib/avr5/libm.a(fp_pscA.o)
 .bss           0x0000000000800100        0x0 /usr/lib/gcc/avr/4.6.1/../../../../avr/lib/avr5/libm.a(fp_pscB.o)
 .bss           0x0000000000800100        0x0 /usr/lib/gcc/avr/4.6.1/../../../../avr/lib/avr5/libm.a(fp_round.o)
 .bss           0x0000000000800100        0x0 /usr/lib/gcc/avr/4.6.1/avr5/libgcc.a(_exit.o)
 .bss           0x0000000000800100        0x0 /usr/lib/gcc/avr/4.6.1/avr5/libgcc.a(_copy_data.o)
 .bss           0x0000000000800100        0x0 /usr/lib/gcc/avr/4.6.1/avr5/libgcc.a(_clear_bss.o)
 *(.bss*)
 *(COMMON)
                0x0000000000800100                PROVIDE (__bss_end, .)
                0x00000000000007cc                __data_load_start = LOADADDR (.data)
                0x00000000000007cc                __data_load_end = (__data_load_start + SIZEOF (.data))

.noinit         0x0000000000800100        0x0
                0x0000000000800100                PROVIDE (__noinit_start, .)
 *(.noinit*)
                0x0000000000800100                PROVIDE (__noinit_end, .)
                0x0000000000800100                _end = .
                0x0000000000800100                PROVIDE (__heap_start, .)

.eeprom         0x0000000000810000        0x0
 *(.eeprom*)
                0x0000000000810000                __eeprom_end = .

.stab           0x0000000000000000     0x1ab8
 *(.stab)
 .stab          0x0000000000000000      0x6cc /usr/lib/gcc/avr/4.6.1/../../../../avr/lib/avr5/crtm169.o
 .stab          0x00000000000006cc       0x90 /usr/lib/gcc/avr/4.6.1/../../../../avr/lib/avr5/libm.a(cmpsf2.o)
                                         0x9c (size before relaxing)
 .stab          0x000000000000075c      0x240 /usr/lib/gcc/avr/4.6.1/../../../../avr/lib/avr5/libm.a(fixunssfsi.o)
                                        0x24c (size before relaxing)
 .stab          0x000000000000099c      0x318 /usr/lib/gcc/avr/4.6.1/../../../../avr/lib/avr5/libm.a(floatsisf.o)
                                        0x324 (size before relaxing)
 .stab          0x0000000000000cb4      0x1e0 /usr/lib/gcc/avr/4.6.1/../../../../avr/lib/avr5/libm.a(fp_cmp.o)
                                        0x1ec (size before relaxing)
 .stab          0x0000000000000e94      0x1d4 /usr/lib/gcc/avr/4.6.1/../../../../avr/lib/avr5/libm.a(fp_split3.o)
                                        0x1e0 (size before relaxing)
 .stab          0x0000000000001068       0x90 /usr/lib/gcc/avr/4.6.1/../../../../avr/lib/avr5/libm.a(fp_zero.o)
                                         0x9c (size before relaxing)
 .stab          0x00000000000010f8       0x6c /usr/lib/gcc/avr/4.6.1/../../../../avr/lib/avr5/libm.a(gesf2.o)
                                         0x78 (size before relaxing)
 .stab          0x0000000000001164       0x48 /usr/lib/gcc/avr/4.6.1/../../../../avr/lib/avr5/libm.a(mulsf3.o)
                                         0x54 (size before relaxing)
 .stab          0x00000000000011ac      0x4d4 /usr/lib/gcc/avr/4.6.1/../../../../avr/lib/avr5/libm.a(mulsf3x.o)
                                        0x4e0 (size before relaxing)
 .stab          0x0000000000001680       0x78 /usr/lib/gcc/avr/4.6.1/../../../../avr/lib/avr5/libm.a(fp_inf.o)
                                         0x84 (size before relaxing)
 .stab          0x00000000000016f8       0x54 /usr/lib/gcc/avr/4.6.1/../../../../avr/lib/avr5/libm.a(fp_nan.o)
                                         0x60 (size before relaxing)
 .stab          0x000000000000174c       0x84 /usr/lib/gcc/avr/4.6.1/../../../../avr/lib/avr5/libm.a(fp_pscA.o)
                                         0x90 (size before relaxing)
 .stab          0x00000000000017d0       0x84 /usr/lib/gcc/avr/4.6.1/../../../../avr/lib/avr5/libm.a(fp_pscB.o)
                                         0x90 (size before relaxing)
 .stab          0x0000000000001854       0xfc /usr/lib/gcc/avr/4.6.1/../../../../avr/lib/avr5/libm.a(fp_round.o)
                                        0x108 (size before relaxing)
 .stab          0x0000000000001950       0x54 /usr/lib/gcc/avr/4.6.1/avr5/libgcc.a(_exit.o)
                                         0x60 (size before relaxing)
 .stab          0x00000000000019a4       0x9c /usr/lib/gcc/avr/4.6.1/avr5/libgcc.a(_copy_data.o)
                                         0xa8 (size before relaxing)
 .stab          0x0000000000001a40       0x78 /usr/lib/gcc/avr/4.6.1/avr5/libgcc.a(_clear_bss.o)
                                         0x84 (size before relaxing)

.stabstr        0x0000000000000000      0x321
 *(.stabstr)
 .stabstr       0x0000000000000000      0x321 /usr/lib/gcc/avr/4.6.1/../../../../avr/lib/avr5/crtm169.o

.stab.excl
 *(.stab.excl)

.stab.exclstr
 *(.stab.exclstr)

.stab.index
 *(.stab.index)

.stab.indexstr
 *(.stab.indexstr)

.comment
 *(.comment)

.debug
 *(.debug)

.line
 *(.line)

.debug_srcinfo
 *(.debug_srcinfo)

.debug_sfnames
 *(.debug_sfnames)

.debug_aranges  0x0000000000000000       0x40
 *(.debug_aranges)
 .debug_aranges
                0x0000000000000000       0x20 blink.o
 .debug_aranges
                0x0000000000000020       0x20 ledLoops.o

.debug_pubnames
 *(.debug_pubnames)

.debug_info     0x0000000000000000      0x461
 *(.debug_info)
 .debug_info    0x0000000000000000       0x7b blink.o
 .debug_info    0x000000000000007b      0x3e6 ledLoops.o
 *(.gnu.linkonce.wi.*)

.debug_abbrev   0x0000000000000000      0x19f
 *(.debug_abbrev)
 .debug_abbrev  0x0000000000000000       0x43 blink.o
 .debug_abbrev  0x0000000000000043      0x15c ledLoops.o

.debug_line     0x0000000000000000      0x26f
 *(.debug_line)
 .debug_line    0x0000000000000000       0x39 blink.o
 .debug_line    0x0000000000000039      0x236 ledLoops.o

.debug_frame    0x0000000000000000       0x88
 *(.debug_frame)
 .debug_frame   0x0000000000000000       0x24 blink.o
 .debug_frame   0x0000000000000024       0x64 ledLoops.o

.debug_str      0x0000000000000000       0xf1
 *(.debug_str)
 .debug_str     0x0000000000000000       0x63 blink.o
                                         0x97 (size before relaxing)
 .debug_str     0x0000000000000063       0x8e ledLoops.o
                                        0x118 (size before relaxing)

.debug_loc      0x0000000000000000      0x4a5
 *(.debug_loc)
 .debug_loc     0x0000000000000000      0x4a5 ledLoops.o

.debug_macinfo
 *(.debug_macinfo)
OUTPUT(blink.elf elf32-avr)
LOAD linker stubs

.debug_ranges   0x0000000000000000      0x160
 .debug_ranges  0x0000000000000000       0x10 blink.o
 .debug_ranges  0x0000000000000010      0x150 ledLoops.o

Cross Reference Table

Symbol                                            File
__bad_interrupt                                   /usr/lib/gcc/avr/4.6.1/../../../../avr/lib/avr5/crtm169.o
__bss_end                                         /usr/lib/gcc/avr/4.6.1/avr5/libgcc.a(_clear_bss.o)
__bss_start                                       /usr/lib/gcc/avr/4.6.1/avr5/libgcc.a(_clear_bss.o)
__cmpsf2                                          /usr/lib/gcc/avr/4.6.1/../../../../avr/lib/avr5/libm.a(cmpsf2.o)
__data_end                                        /usr/lib/gcc/avr/4.6.1/avr5/libgcc.a(_copy_data.o)
__data_load_start                                 /usr/lib/gcc/avr/4.6.1/avr5/libgcc.a(_copy_data.o)
__data_start                                      /usr/lib/gcc/avr/4.6.1/avr5/libgcc.a(_copy_data.o)
__do_clear_bss                                    /usr/lib/gcc/avr/4.6.1/avr5/libgcc.a(_clear_bss.o)
                                                  ledLoops.o
                                                  blink.o
__do_copy_data                                    /usr/lib/gcc/avr/4.6.1/avr5/libgcc.a(_copy_data.o)
                                                  ledLoops.o
                                                  blink.o
__eqsf2                                           /usr/lib/gcc/avr/4.6.1/../../../../avr/lib/avr5/libm.a(cmpsf2.o)
__fixunssfsi                                      /usr/lib/gcc/avr/4.6.1/../../../../avr/lib/avr5/libm.a(fixunssfsi.o)
                                                  ledLoops.o
__floatsisf                                       /usr/lib/gcc/avr/4.6.1/../../../../avr/lib/avr5/libm.a(floatsisf.o)
                                                  ledLoops.o
__floatunsisf                                     /usr/lib/gcc/avr/4.6.1/../../../../avr/lib/avr5/libm.a(floatsisf.o)
__fp_cmp                                          /usr/lib/gcc/avr/4.6.1/../../../../avr/lib/avr5/libm.a(fp_cmp.o)
                                                  /usr/lib/gcc/avr/4.6.1/../../../../avr/lib/avr5/libm.a(gesf2.o)
                                                  /usr/lib/gcc/avr/4.6.1/../../../../avr/lib/avr5/libm.a(cmpsf2.o)
__fp_inf                                          /usr/lib/gcc/avr/4.6.1/../../../../avr/lib/avr5/libm.a(fp_inf.o)
                                                  /usr/lib/gcc/avr/4.6.1/../../../../avr/lib/avr5/libm.a(mulsf3x.o)
__fp_nan                                          /usr/lib/gcc/avr/4.6.1/../../../../avr/lib/avr5/libm.a(fp_nan.o)
                                                  /usr/lib/gcc/avr/4.6.1/../../../../avr/lib/avr5/libm.a(mulsf3x.o)
__fp_pscA                                         /usr/lib/gcc/avr/4.6.1/../../../../avr/lib/avr5/libm.a(fp_pscA.o)
                                                  /usr/lib/gcc/avr/4.6.1/../../../../avr/lib/avr5/libm.a(mulsf3x.o)
__fp_pscB                                         /usr/lib/gcc/avr/4.6.1/../../../../avr/lib/avr5/libm.a(fp_pscB.o)
                                                  /usr/lib/gcc/avr/4.6.1/../../../../avr/lib/avr5/libm.a(mulsf3x.o)
__fp_round                                        /usr/lib/gcc/avr/4.6.1/../../../../avr/lib/avr5/libm.a(fp_round.o)
                                                  /usr/lib/gcc/avr/4.6.1/../../../../avr/lib/avr5/libm.a(mulsf3.o)
__fp_split3                                       /usr/lib/gcc/avr/4.6.1/../../../../avr/lib/avr5/libm.a(fp_split3.o)
                                                  /usr/lib/gcc/avr/4.6.1/../../../../avr/lib/avr5/libm.a(mulsf3x.o)
__fp_splitA                                       /usr/lib/gcc/avr/4.6.1/../../../../avr/lib/avr5/libm.a(fp_split3.o)
                                                  /usr/lib/gcc/avr/4.6.1/../../../../avr/lib/avr5/libm.a(fixunssfsi.o)
__fp_szero                                        /usr/lib/gcc/avr/4.6.1/../../../../avr/lib/avr5/libm.a(fp_zero.o)
                                                  /usr/lib/gcc/avr/4.6.1/../../../../avr/lib/avr5/libm.a(mulsf3x.o)
__fp_zero                                         /usr/lib/gcc/avr/4.6.1/../../../../avr/lib/avr5/libm.a(fp_zero.o)
                                                  /usr/lib/gcc/avr/4.6.1/../../../../avr/lib/avr5/libm.a(fixunssfsi.o)
__gesf2                                           /usr/lib/gcc/avr/4.6.1/../../../../avr/lib/avr5/libm.a(gesf2.o)
__gtsf2                                           /usr/lib/gcc/avr/4.6.1/../../../../avr/lib/avr5/libm.a(gesf2.o)
                                                  ledLoops.o
__heap_end                                        /usr/lib/gcc/avr/4.6.1/../../../../avr/lib/avr5/crtm169.o
__init                                            /usr/lib/gcc/avr/4.6.1/../../../../avr/lib/avr5/crtm169.o
__lesf2                                           /usr/lib/gcc/avr/4.6.1/../../../../avr/lib/avr5/libm.a(cmpsf2.o)
__ltsf2                                           /usr/lib/gcc/avr/4.6.1/../../../../avr/lib/avr5/libm.a(cmpsf2.o)
                                                  ledLoops.o
__mulsf3                                          /usr/lib/gcc/avr/4.6.1/../../../../avr/lib/avr5/libm.a(mulsf3.o)
                                                  ledLoops.o
__mulsf3_pse                                      /usr/lib/gcc/avr/4.6.1/../../../../avr/lib/avr5/libm.a(mulsf3x.o)
__mulsf3x                                         /usr/lib/gcc/avr/4.6.1/../../../../avr/lib/avr5/libm.a(mulsf3x.o)
                                                  /usr/lib/gcc/avr/4.6.1/../../../../avr/lib/avr5/libm.a(mulsf3.o)
__nesf2                                           /usr/lib/gcc/avr/4.6.1/../../../../avr/lib/avr5/libm.a(cmpsf2.o)
__stack                                           /usr/lib/gcc/avr/4.6.1/../../../../avr/lib/avr5/crtm169.o
__vector_1                                        /usr/lib/gcc/avr/4.6.1/../../../../avr/lib/avr5/crtm169.o
__vector_10                                       /usr/lib/gcc/avr/4.6.1/../../../../avr/lib/avr5/crtm169.o
__vector_11                                       /usr/lib/gcc/avr/4.6.1/../../../../avr/lib/avr5/crtm169.o
__vector_12                                       /usr/lib/gcc/avr/4.6.1/../../../../avr/lib/avr5/crtm169.o
__vector_13                                       /usr/lib/gcc/avr/4.6.1/../../../../avr/lib/avr5/crtm169.o
__vector_14                                       /usr/lib/gcc/avr/4.6.1/../../../../avr/lib/avr5/crtm169.o
__vector_15                                       /usr/lib/gcc/avr/4.6.1/../../../../avr/lib/avr5/crtm169.o
__vector_16                                       /usr/lib/gcc/avr/4.6.1/../../../../avr/lib/avr5/crtm169.o
__vector_17                                       /usr/lib/gcc/avr/4.6.1/../../../../avr/lib/avr5/crtm169.o
__vector_18                                       /usr/lib/gcc/avr/4.6.1/../../../../avr/lib/avr5/crtm169.o
__vector_19                                       /usr/lib/gcc/avr/4.6.1/../../../../avr/lib/avr5/crtm169.o
__vector_2                                        /usr/lib/gcc/avr/4.6.1/../../../../avr/lib/avr5/crtm169.o
__vector_20                                       /usr/lib/gcc/avr/4.6.1/../../../../avr/lib/avr5/crtm169.o
__vector_21                                       /usr/lib/gcc/avr/4.6.1/../../../../avr/lib/avr5/crtm169.o
__vector_22                                       /usr/lib/gcc/avr/4.6.1/../../../../avr/lib/avr5/crtm169.o
__vector_3                                        /usr/lib/gcc/avr/4.6.1/../../../../avr/lib/avr5/crtm169.o
__vector_4                                        /usr/lib/gcc/avr/4.6.1/../../../../avr/lib/avr5/crtm169.o
__vector_5                                        /usr/lib/gcc/avr/4.6.1/../../../../avr/lib/avr5/crtm169.o
__vector_6                                        /usr/lib/gcc/avr/4.6.1/../../../../avr/lib/avr5/crtm169.o
__vector_7                                        /usr/lib/gcc/avr/4.6.1/../../../../avr/lib/avr5/crtm169.o
__vector_8                                        /usr/lib/gcc/avr/4.6.1/../../../../avr/lib/avr5/crtm169.o
__vector_9                                        /usr/lib/gcc/avr/4.6.1/../../../../avr/lib/avr5/crtm169.o
__vector_default                                  /usr/lib/gcc/avr/4.6.1/../../../../avr/lib/avr5/crtm169.o
__vectors                                         /usr/lib/gcc/avr/4.6.1/../../../../avr/lib/avr5/crtm169.o
_exit                                             /usr/lib/gcc/avr/4.6.1/avr5/libgcc.a(_exit.o)
exit                                              /usr/lib/gcc/avr/4.6.1/avr5/libgcc.a(_exit.o)
                                                  /usr/lib/gcc/avr/4.6.1/../../../../avr/lib/avr5/crtm169.o
loopLeft                                          ledLoops.o
loopLeftRight                                     ledLoops.o
loopRight                                         ledLoops.o
loopX                                             ledLoops.o
                                                  blink.o
main                                              blink.o
                                                  /usr/lib/gcc/avr/4.6.1/../../../../avr/lib/avr5/crtm169.o
