Archive member included because of file (symbol)

/usr/lib/gcc/avr/4.6.1/avr5/libgcc.a(_mulsi3.o)
                              cylon.o (__mulsi3)
/usr/lib/gcc/avr/4.6.1/avr5/libgcc.a(_divmodhi4.o)
                              cylon.o (__divmodhi4)
/usr/lib/gcc/avr/4.6.1/avr5/libgcc.a(_exit.o)
                              /usr/lib/gcc/avr/4.6.1/../../../../avr/lib/avr5/crtm169.o (exit)
/usr/lib/gcc/avr/4.6.1/avr5/libgcc.a(_copy_data.o)
                              cylon.o (__do_copy_data)
/usr/lib/gcc/avr/4.6.1/avr5/libgcc.a(_clear_bss.o)
                              cylon.o (__do_clear_bss)
/usr/lib/gcc/avr/4.6.1/avr5/libgcc.a(_udivmodhi4.o)
                              /usr/lib/gcc/avr/4.6.1/avr5/libgcc.a(_divmodhi4.o) (__udivmodhi4)

Memory Configuration

Name             Origin             Length             Attributes
text             0x0000000000000000 0x0000000000020000 xr
data             0x0000000000800060 0x000000000000ffa0 rw !x
eeprom           0x0000000000810000 0x0000000000010000 rw !x
*default*        0x0000000000000000 0xffffffffffffffff

Linker script and memory map

Address of section .data set to 0x800100
LOAD /usr/lib/gcc/avr/4.6.1/../../../../avr/lib/avr5/crtm169.o
LOAD cylon.o
LOAD /usr/lib/gcc/avr/4.6.1/../../../../avr/lib/avr5/libm.a
LOAD /usr/lib/gcc/avr/4.6.1/avr5/libgcc.a
LOAD /usr/lib/gcc/avr/4.6.1/../../../../avr/lib/avr5/libc.a
LOAD /usr/lib/gcc/avr/4.6.1/avr5/libgcc.a

.hash
 *(.hash)

.dynsym
 *(.dynsym)

.dynstr
 *(.dynstr)

.gnu.version
 *(.gnu.version)

.gnu.version_d
 *(.gnu.version_d)

.gnu.version_r
 *(.gnu.version_r)

.rel.init
 *(.rel.init)

.rela.init
 *(.rela.init)

.rel.text
 *(.rel.text)
 *(.rel.text.*)
 *(.rel.gnu.linkonce.t*)

.rela.text
 *(.rela.text)
 *(.rela.text.*)
 *(.rela.gnu.linkonce.t*)

.rel.fini
 *(.rel.fini)

.rela.fini
 *(.rela.fini)

.rel.rodata
 *(.rel.rodata)
 *(.rel.rodata.*)
 *(.rel.gnu.linkonce.r*)

.rela.rodata
 *(.rela.rodata)
 *(.rela.rodata.*)
 *(.rela.gnu.linkonce.r*)

.rel.data
 *(.rel.data)
 *(.rel.data.*)
 *(.rel.gnu.linkonce.d*)

.rela.data
 *(.rela.data)
 *(.rela.data.*)
 *(.rela.gnu.linkonce.d*)

.rel.ctors
 *(.rel.ctors)

.rela.ctors
 *(.rela.ctors)

.rel.dtors
 *(.rel.dtors)

.rela.dtors
 *(.rela.dtors)

.rel.got
 *(.rel.got)

.rela.got
 *(.rela.got)

.rel.bss
 *(.rel.bss)

.rela.bss
 *(.rela.bss)

.rel.plt
 *(.rel.plt)

.rela.plt
 *(.rela.plt)

.text           0x0000000000000000      0x1c6
 *(.vectors)
 .vectors       0x0000000000000000       0x5c /usr/lib/gcc/avr/4.6.1/../../../../avr/lib/avr5/crtm169.o
                0x0000000000000000                __vectors
                0x0000000000000000                __vector_default
 *(.vectors)
 *(.progmem.gcc*)
 *(.progmem*)
                0x000000000000005c                . = ALIGN (0x2)
                0x000000000000005c                __trampolines_start = .
 *(.trampolines)
 .trampolines   0x000000000000005c        0x0 linker stubs
 *(.trampolines*)
                0x000000000000005c                __trampolines_end = .
 *(.jumptables)
 *(.jumptables*)
 *(.lowtext)
 *(.lowtext*)
                0x000000000000005c                __ctors_start = .
 *(.ctors)
                0x000000000000005c                __ctors_end = .
                0x000000000000005c                __dtors_start = .
 *(.dtors)
                0x000000000000005c                __dtors_end = .
 SORT(*)(.ctors)
 SORT(*)(.dtors)
 *(.init0)
 .init0         0x000000000000005c        0x0 /usr/lib/gcc/avr/4.6.1/../../../../avr/lib/avr5/crtm169.o
                0x000000000000005c                __init
 *(.init0)
 *(.init1)
 *(.init1)
 *(.init2)
 .init2         0x000000000000005c        0xc /usr/lib/gcc/avr/4.6.1/../../../../avr/lib/avr5/crtm169.o
 *(.init2)
 *(.init3)
 *(.init3)
 *(.init4)
 .init4         0x0000000000000068       0x16 /usr/lib/gcc/avr/4.6.1/avr5/libgcc.a(_copy_data.o)
                0x0000000000000068                __do_copy_data
 .init4         0x000000000000007e       0x10 /usr/lib/gcc/avr/4.6.1/avr5/libgcc.a(_clear_bss.o)
                0x000000000000007e                __do_clear_bss
 *(.init4)
 *(.init5)
 *(.init5)
 *(.init6)
 *(.init6)
 *(.init7)
 *(.init7)
 *(.init8)
 *(.init8)
 *(.init9)
 .init9         0x000000000000008e        0x8 /usr/lib/gcc/avr/4.6.1/../../../../avr/lib/avr5/crtm169.o
 *(.init9)
 *(.text)
 .text          0x0000000000000096        0x4 /usr/lib/gcc/avr/4.6.1/../../../../avr/lib/avr5/crtm169.o
                0x0000000000000096                __vector_22
                0x0000000000000096                __vector_1
                0x0000000000000096                __vector_12
                0x0000000000000096                __bad_interrupt
                0x0000000000000096                __vector_6
                0x0000000000000096                __vector_3
                0x0000000000000096                __vector_11
                0x0000000000000096                __vector_13
                0x0000000000000096                __vector_17
                0x0000000000000096                __vector_19
                0x0000000000000096                __vector_7
                0x0000000000000096                __vector_5
                0x0000000000000096                __vector_4
                0x0000000000000096                __vector_9
                0x0000000000000096                __vector_2
                0x0000000000000096                __vector_21
                0x0000000000000096                __vector_15
                0x0000000000000096                __vector_8
                0x0000000000000096                __vector_14
                0x0000000000000096                __vector_10
                0x0000000000000096                __vector_16
                0x0000000000000096                __vector_18
                0x0000000000000096                __vector_20
 .text          0x000000000000009a        0x0 cylon.o
 .text          0x000000000000009a        0x0 /usr/lib/gcc/avr/4.6.1/avr5/libgcc.a(_mulsi3.o)
 .text          0x000000000000009a        0x0 /usr/lib/gcc/avr/4.6.1/avr5/libgcc.a(_divmodhi4.o)
 .text          0x000000000000009a        0x0 /usr/lib/gcc/avr/4.6.1/avr5/libgcc.a(_exit.o)
 .text          0x000000000000009a        0x0 /usr/lib/gcc/avr/4.6.1/avr5/libgcc.a(_copy_data.o)
 .text          0x000000000000009a        0x0 /usr/lib/gcc/avr/4.6.1/avr5/libgcc.a(_clear_bss.o)
 .text          0x000000000000009a        0x0 /usr/lib/gcc/avr/4.6.1/avr5/libgcc.a(_udivmodhi4.o)
                0x000000000000009a                . = ALIGN (0x2)
 *(.text.*)
 .text.startup  0x000000000000009a       0x9c cylon.o
                0x000000000000009a                main
 .text.libgcc   0x0000000000000136       0x3e /usr/lib/gcc/avr/4.6.1/avr5/libgcc.a(_mulsi3.o)
                0x0000000000000136                __mulsi3
 .text.libgcc   0x0000000000000174       0x26 /usr/lib/gcc/avr/4.6.1/avr5/libgcc.a(_divmodhi4.o)
                0x0000000000000174                __divmodhi4
                0x0000000000000174                _div
 .text.libgcc   0x000000000000019a        0x0 /usr/lib/gcc/avr/4.6.1/avr5/libgcc.a(_exit.o)
 .text.libgcc   0x000000000000019a        0x0 /usr/lib/gcc/avr/4.6.1/avr5/libgcc.a(_copy_data.o)
 .text.libgcc   0x000000000000019a        0x0 /usr/lib/gcc/avr/4.6.1/avr5/libgcc.a(_clear_bss.o)
 .text.libgcc   0x000000000000019a       0x28 /usr/lib/gcc/avr/4.6.1/avr5/libgcc.a(_udivmodhi4.o)
                0x000000000000019a                __udivmodhi4
                0x00000000000001c2                . = ALIGN (0x2)
 *(.fini9)
 .fini9         0x00000000000001c2        0x0 /usr/lib/gcc/avr/4.6.1/avr5/libgcc.a(_exit.o)
                0x00000000000001c2                exit
                0x00000000000001c2                _exit
 *(.fini9)
 *(.fini8)
 *(.fini8)
 *(.fini7)
 *(.fini7)
 *(.fini6)
 *(.fini6)
 *(.fini5)
 *(.fini5)
 *(.fini4)
 *(.fini4)
 *(.fini3)
 *(.fini3)
 *(.fini2)
 *(.fini2)
 *(.fini1)
 *(.fini1)
 *(.fini0)
 .fini0         0x00000000000001c2        0x4 /usr/lib/gcc/avr/4.6.1/avr5/libgcc.a(_exit.o)
 *(.fini0)
                0x00000000000001c6                _etext = .

.data           0x0000000000800100        0x0 load address 0x00000000000001c6
                0x0000000000800100                PROVIDE (__data_start, .)
 *(.data)
 .data          0x0000000000800100        0x0 /usr/lib/gcc/avr/4.6.1/../../../../avr/lib/avr5/crtm169.o
 .data          0x0000000000800100        0x0 cylon.o
 .data          0x0000000000800100        0x0 /usr/lib/gcc/avr/4.6.1/avr5/libgcc.a(_mulsi3.o)
 .data          0x0000000000800100        0x0 /usr/lib/gcc/avr/4.6.1/avr5/libgcc.a(_divmodhi4.o)
 .data          0x0000000000800100        0x0 /usr/lib/gcc/avr/4.6.1/avr5/libgcc.a(_exit.o)
 .data          0x0000000000800100        0x0 /usr/lib/gcc/avr/4.6.1/avr5/libgcc.a(_copy_data.o)
 .data          0x0000000000800100        0x0 /usr/lib/gcc/avr/4.6.1/avr5/libgcc.a(_clear_bss.o)
 .data          0x0000000000800100        0x0 /usr/lib/gcc/avr/4.6.1/avr5/libgcc.a(_udivmodhi4.o)
 *(.data*)
 *(.rodata)
 *(.rodata*)
 *(.gnu.linkonce.d*)
                0x0000000000800100                . = ALIGN (0x2)
                0x0000000000800100                _edata = .
                0x0000000000800100                PROVIDE (__data_end, .)

.bss            0x0000000000800100        0x0
                0x0000000000800100                PROVIDE (__bss_start, .)
 *(.bss)
 .bss           0x0000000000800100        0x0 /usr/lib/gcc/avr/4.6.1/../../../../avr/lib/avr5/crtm169.o
 .bss           0x0000000000800100        0x0 cylon.o
 .bss           0x0000000000800100        0x0 /usr/lib/gcc/avr/4.6.1/avr5/libgcc.a(_mulsi3.o)
 .bss           0x0000000000800100        0x0 /usr/lib/gcc/avr/4.6.1/avr5/libgcc.a(_divmodhi4.o)
 .bss           0x0000000000800100        0x0 /usr/lib/gcc/avr/4.6.1/avr5/libgcc.a(_exit.o)
 .bss           0x0000000000800100        0x0 /usr/lib/gcc/avr/4.6.1/avr5/libgcc.a(_copy_data.o)
 .bss           0x0000000000800100        0x0 /usr/lib/gcc/avr/4.6.1/avr5/libgcc.a(_clear_bss.o)
 .bss           0x0000000000800100        0x0 /usr/lib/gcc/avr/4.6.1/avr5/libgcc.a(_udivmodhi4.o)
 *(.bss*)
 *(COMMON)
                0x0000000000800100                PROVIDE (__bss_end, .)
                0x00000000000001c6                __data_load_start = LOADADDR (.data)
                0x00000000000001c6                __data_load_end = (__data_load_start + SIZEOF (.data))

.noinit         0x0000000000800100        0x0
                0x0000000000800100                PROVIDE (__noinit_start, .)
 *(.noinit*)
                0x0000000000800100                PROVIDE (__noinit_end, .)
                0x0000000000800100                _end = .
                0x0000000000800100                PROVIDE (__heap_start, .)

.eeprom         0x0000000000810000        0x0
 *(.eeprom*)
                0x0000000000810000                __eeprom_end = .

.stab           0x0000000000000000      0xc48
 *(.stab)
 .stab          0x0000000000000000      0x6cc /usr/lib/gcc/avr/4.6.1/../../../../avr/lib/avr5/crtm169.o
 .stab          0x00000000000006cc      0x1b0 /usr/lib/gcc/avr/4.6.1/avr5/libgcc.a(_mulsi3.o)
                                        0x1bc (size before relaxing)
 .stab          0x000000000000087c      0x120 /usr/lib/gcc/avr/4.6.1/avr5/libgcc.a(_divmodhi4.o)
                                        0x12c (size before relaxing)
 .stab          0x000000000000099c       0x54 /usr/lib/gcc/avr/4.6.1/avr5/libgcc.a(_exit.o)
                                         0x60 (size before relaxing)
 .stab          0x00000000000009f0       0x9c /usr/lib/gcc/avr/4.6.1/avr5/libgcc.a(_copy_data.o)
                                         0xa8 (size before relaxing)
 .stab          0x0000000000000a8c       0x78 /usr/lib/gcc/avr/4.6.1/avr5/libgcc.a(_clear_bss.o)
                                         0x84 (size before relaxing)
 .stab          0x0000000000000b04      0x144 /usr/lib/gcc/avr/4.6.1/avr5/libgcc.a(_udivmodhi4.o)
                                        0x150 (size before relaxing)

.stabstr        0x0000000000000000       0xc7
 *(.stabstr)
 .stabstr       0x0000000000000000       0xc7 /usr/lib/gcc/avr/4.6.1/../../../../avr/lib/avr5/crtm169.o

.stab.excl
 *(.stab.excl)

.stab.exclstr
 *(.stab.exclstr)

.stab.index
 *(.stab.index)

.stab.indexstr
 *(.stab.indexstr)

.comment
 *(.comment)

.debug
 *(.debug)

.line
 *(.line)

.debug_srcinfo
 *(.debug_srcinfo)

.debug_sfnames
 *(.debug_sfnames)

.debug_aranges  0x0000000000000000       0x20
 *(.debug_aranges)
 .debug_aranges
                0x0000000000000000       0x20 cylon.o

.debug_pubnames
 *(.debug_pubnames)

.debug_info     0x0000000000000000      0x13b
 *(.debug_info)
 .debug_info    0x0000000000000000      0x13b cylon.o
 *(.gnu.linkonce.wi.*)

.debug_abbrev   0x0000000000000000       0xc5
 *(.debug_abbrev)
 .debug_abbrev  0x0000000000000000       0xc5 cylon.o

.debug_line     0x0000000000000000       0xf0
 *(.debug_line)
 .debug_line    0x0000000000000000       0xf0 cylon.o

.debug_frame    0x0000000000000000       0x24
 *(.debug_frame)
 .debug_frame   0x0000000000000000       0x24 cylon.o

.debug_str      0x0000000000000000       0xa8
 *(.debug_str)
 .debug_str     0x0000000000000000       0xa8 cylon.o
                                         0xdc (size before relaxing)

.debug_loc      0x0000000000000000       0xbf
 *(.debug_loc)
 .debug_loc     0x0000000000000000       0xbf cylon.o

.debug_macinfo
 *(.debug_macinfo)
OUTPUT(cylon.elf elf32-avr)
LOAD linker stubs

.debug_ranges   0x0000000000000000       0x28
 .debug_ranges  0x0000000000000000       0x28 cylon.o

Cross Reference Table

Symbol                                            File
__bad_interrupt                                   /usr/lib/gcc/avr/4.6.1/../../../../avr/lib/avr5/crtm169.o
__bss_end                                         /usr/lib/gcc/avr/4.6.1/avr5/libgcc.a(_clear_bss.o)
__bss_start                                       /usr/lib/gcc/avr/4.6.1/avr5/libgcc.a(_clear_bss.o)
__data_end                                        /usr/lib/gcc/avr/4.6.1/avr5/libgcc.a(_copy_data.o)
__data_load_start                                 /usr/lib/gcc/avr/4.6.1/avr5/libgcc.a(_copy_data.o)
__data_start                                      /usr/lib/gcc/avr/4.6.1/avr5/libgcc.a(_copy_data.o)
__divmodhi4                                       /usr/lib/gcc/avr/4.6.1/avr5/libgcc.a(_divmodhi4.o)
                                                  cylon.o
__do_clear_bss                                    /usr/lib/gcc/avr/4.6.1/avr5/libgcc.a(_clear_bss.o)
                                                  cylon.o
__do_copy_data                                    /usr/lib/gcc/avr/4.6.1/avr5/libgcc.a(_copy_data.o)
                                                  cylon.o
__heap_end                                        /usr/lib/gcc/avr/4.6.1/../../../../avr/lib/avr5/crtm169.o
__init                                            /usr/lib/gcc/avr/4.6.1/../../../../avr/lib/avr5/crtm169.o
__mulsi3                                          /usr/lib/gcc/avr/4.6.1/avr5/libgcc.a(_mulsi3.o)
                                                  cylon.o
__stack                                           /usr/lib/gcc/avr/4.6.1/../../../../avr/lib/avr5/crtm169.o
__udivmodhi4                                      /usr/lib/gcc/avr/4.6.1/avr5/libgcc.a(_udivmodhi4.o)
                                                  /usr/lib/gcc/avr/4.6.1/avr5/libgcc.a(_divmodhi4.o)
__vector_1                                        /usr/lib/gcc/avr/4.6.1/../../../../avr/lib/avr5/crtm169.o
__vector_10                                       /usr/lib/gcc/avr/4.6.1/../../../../avr/lib/avr5/crtm169.o
__vector_11                                       /usr/lib/gcc/avr/4.6.1/../../../../avr/lib/avr5/crtm169.o
__vector_12                                       /usr/lib/gcc/avr/4.6.1/../../../../avr/lib/avr5/crtm169.o
__vector_13                                       /usr/lib/gcc/avr/4.6.1/../../../../avr/lib/avr5/crtm169.o
__vector_14                                       /usr/lib/gcc/avr/4.6.1/../../../../avr/lib/avr5/crtm169.o
__vector_15                                       /usr/lib/gcc/avr/4.6.1/../../../../avr/lib/avr5/crtm169.o
__vector_16                                       /usr/lib/gcc/avr/4.6.1/../../../../avr/lib/avr5/crtm169.o
__vector_17                                       /usr/lib/gcc/avr/4.6.1/../../../../avr/lib/avr5/crtm169.o
__vector_18                                       /usr/lib/gcc/avr/4.6.1/../../../../avr/lib/avr5/crtm169.o
__vector_19                                       /usr/lib/gcc/avr/4.6.1/../../../../avr/lib/avr5/crtm169.o
__vector_2                                        /usr/lib/gcc/avr/4.6.1/../../../../avr/lib/avr5/crtm169.o
__vector_20                                       /usr/lib/gcc/avr/4.6.1/../../../../avr/lib/avr5/crtm169.o
__vector_21                                       /usr/lib/gcc/avr/4.6.1/../../../../avr/lib/avr5/crtm169.o
__vector_22                                       /usr/lib/gcc/avr/4.6.1/../../../../avr/lib/avr5/crtm169.o
__vector_3                                        /usr/lib/gcc/avr/4.6.1/../../../../avr/lib/avr5/crtm169.o
__vector_4                                        /usr/lib/gcc/avr/4.6.1/../../../../avr/lib/avr5/crtm169.o
__vector_5                                        /usr/lib/gcc/avr/4.6.1/../../../../avr/lib/avr5/crtm169.o
__vector_6                                        /usr/lib/gcc/avr/4.6.1/../../../../avr/lib/avr5/crtm169.o
__vector_7                                        /usr/lib/gcc/avr/4.6.1/../../../../avr/lib/avr5/crtm169.o
__vector_8                                        /usr/lib/gcc/avr/4.6.1/../../../../avr/lib/avr5/crtm169.o
__vector_9                                        /usr/lib/gcc/avr/4.6.1/../../../../avr/lib/avr5/crtm169.o
__vector_default                                  /usr/lib/gcc/avr/4.6.1/../../../../avr/lib/avr5/crtm169.o
__vectors                                         /usr/lib/gcc/avr/4.6.1/../../../../avr/lib/avr5/crtm169.o
_div                                              /usr/lib/gcc/avr/4.6.1/avr5/libgcc.a(_divmodhi4.o)
_exit                                             /usr/lib/gcc/avr/4.6.1/avr5/libgcc.a(_exit.o)
exit                                              /usr/lib/gcc/avr/4.6.1/avr5/libgcc.a(_exit.o)
                                                  /usr/lib/gcc/avr/4.6.1/../../../../avr/lib/avr5/crtm169.o
main                                              cylon.o
                                                  /usr/lib/gcc/avr/4.6.1/../../../../avr/lib/avr5/crtm169.o
