   1               		.file	"portio.c"
   2               	__SREG__ = 0x3f
   3               	__SP_H__ = 0x3e
   4               	__SP_L__ = 0x3d
   5               	__tmp_reg__ = 0
   6               	__zero_reg__ = 1
   7               		.global __do_copy_data
   8               		.global __do_clear_bss
   9               		.text
  10               	.Ltext0:
  11               		.section	.text.startup,"ax",@progbits
  12               	.global	main
  14               	main:
  15               	.LFB0:
  16               		.file 1 "portio.c"
   1:portio.c      **** // portio.c
   2:portio.c      **** #include <avr/io.h>
   3:portio.c      **** 
   4:portio.c      **** int main (void)
   5:portio.c      **** {
  17               		.loc 1 5 0
  18               	/* prologue: function */
  19               	/* frame size = 0 */
  20               	/* stack size = 0 */
  21               	.L__stack_usage = 0
   6:portio.c      ****     //int port pins
   7:portio.c      ****     DDRB = 0x00;
  22               		.loc 1 7 0
  23 0000 14B8      		out 36-0x20,__zero_reg__
   8:portio.c      ****     DDRD = 0xFF;
  24               		.loc 1 8 0
  25 0002 8FEF      		ldi r24,lo8(-1)
  26 0004 8AB9      		out 42-0x20,r24
  27               	.L2:
   9:portio.c      **** 
  10:portio.c      ****     while(1)
  11:portio.c      ****     {
  12:portio.c      ****         PORTD = PINB;
  28               		.loc 1 12 0 discriminator 1
  29 0006 83B1      		in r24,35-0x20
  30 0008 8BB9      		out 43-0x20,r24
  31 000a 00C0      		rjmp .L2
  32               	.LFE0:
  60               	.Letext0:
  61               		.file 2 "/usr/lib/gcc/avr/4.6.1/../../../../avr/include/stdint.h"
DEFINED SYMBOLS
                            *ABS*:0000000000000000 portio.c
     /tmp/cc1KeBzY.s:2      *ABS*:000000000000003f __SREG__
     /tmp/cc1KeBzY.s:3      *ABS*:000000000000003e __SP_H__
     /tmp/cc1KeBzY.s:4      *ABS*:000000000000003d __SP_L__
     /tmp/cc1KeBzY.s:5      *ABS*:0000000000000000 __tmp_reg__
     /tmp/cc1KeBzY.s:6      *ABS*:0000000000000001 __zero_reg__
     /tmp/cc1KeBzY.s:14     .text.startup:0000000000000000 main

UNDEFINED SYMBOLS
__do_copy_data
__do_clear_bss
